# tests/secret-scan.expected — every secret-scan finding this repository is
# known to carry, one per line, as
#
#   <rule-id>	<repo-relative path>	<fingerprint>
#
# tests/secret-scan.sh gate-tree and gate-history compare the scan's findings
# to this file as a MULTISET, both directions. An undeclared finding fails the
# gate. A declaration nothing produced also fails it — that is the shrink path:
# fixing a false positive means deleting its line in the same commit.
#
# The fingerprint hashes the rule, the path, gitleaks' redacted match text and
# its entropy. It is deliberately NOT derived from a line number, so editing an
# unrelated line in one of these files does not invalidate the declaration,
# while a different secret appearing in a file that already carries a declared
# false positive produces an identity nothing here matches. Regenerate a
# changed one by reading it out of the gate's own DECLARED-BUT-ABSENT /
# UNEXPECTED output; never transcribe a matched value here.
#
# All four below are generic-api-key on non-secrets, and none is a credential:
#
#   .env.example                          the WG_INIT_PASSWORD line, empty-valued
#   tests/unit/wizard-flow.sh (x2)        the same empty-valued line, in fixtures
#   docs/setup/configuration-schema.md    prose about which DDNS credentials are
#                                         never written to .env
#
# The two wizard-flow.sh lines are byte-identical on purpose: the file carries
# two occurrences with the same content, and the multiset comparison is what
# makes removing exactly one of them a failure.
generic-api-key	.env.example	e0275f267c4435bb
generic-api-key	docs/setup/configuration-schema.md	a256dd87d6b9ff9e
generic-api-key	tests/unit/wizard-flow.sh	7b36b0f64d601d47
generic-api-key	tests/unit/wizard-flow.sh	7b36b0f64d601d47
